 
****************************************
Report : area
Design : exu_alu_no_isolation
Version: O-2018.06-SP1
Date   : Sun Aug 23 21:45:41 2026
****************************************

Library(s) Used:

    scc55ulp_hdlp_rvt_ss_v1p08_125c_ccs (File: /home/moxiao/pdk/smic55/lib/scc55ulp_hdlp_rvt_ss_v1p08_125c_ccs.db)

Number of ports:                          176
Number of nets:                           874
Number of cells:                          733
Number of combinational cells:            733
Number of sequential cells:                 0
Number of macros/black boxes:               0
Number of buf/inv:                        107
Number of references:                      41

Combinational area:               1186.639976
Buf/Inv area:                       89.879997
Noncombinational area:               0.000000
Macro/Black Box area:                0.000000
Net Interconnect area:      undefined  (No wire load specified)

Total cell area:                  1186.639976
Total area:                 undefined
1
